2026-08-07T00:38:26.530-03:00  INFO 20576 --- [gopet-java-api] [main] com.gopet.JavaApiApplication             : Starting JavaApiApplication using Java 21.0.2 with PID 20576 (F:\Docs\Profissional\Projetos\gopet-mvp-fase1\gopet\java-api\target\classes started by vitor in F:\Docs\Profissional\Projetos\gopet-mvp-fase1\gopet\java-api)
2026-08-07T00:38:26.536-03:00 DEBUG 20576 --- [gopet-java-api] [main] com.gopet.JavaApiApplication             : Running with Spring Boot v3.3.4, Spring v6.1.13
2026-08-07T00:38:26.538-03:00  INFO 20576 --- [gopet-java-api] [main] com.gopet.JavaApiApplication             : No active profile set, falling back to 1 default profile: "default"
2026-08-07T00:38:27.886-03:00  INFO 20576 --- [gopet-java-api] [main] o.s.b.w.embedded.tomcat.TomcatWebServer  : Tomcat initialized with port 8081 (http)
2026-08-07T00:38:27.918-03:00  INFO 20576 --- [gopet-java-api] [main] o.apache.catalina.core.StandardService   : Starting service [Tomcat]
2026-08-07T00:38:27.918-03:00  INFO 20576 --- [gopet-java-api] [main] o.apache.catalina.core.StandardEngine    : Starting Servlet engine: [Apache Tomcat/10.1.30]
2026-08-07T00:38:27.998-03:00  INFO 20576 --- [gopet-java-api] [main] o.a.c.c.C.[Tomcat].[localhost].[/]       : Initializing Spring embedded WebApplicationContext
2026-08-07T00:38:27.998-03:00  INFO 20576 --- [gopet-java-api] [main] w.s.c.ServletWebServerApplicationContext : Root WebApplicationContext: initialization completed in 1402 ms
2026-08-07T00:38:28.566-03:00  INFO 20576 --- [gopet-java-api] [main] o.s.b.w.embedded.tomcat.TomcatWebServer  : Tomcat started on port 8081 (http) with context path '/'
2026-08-07T00:38:28.576-03:00  INFO 20576 --- [gopet-java-api] [main] com.gopet.JavaApiApplication             : Started JavaApiApplication in 2.62 seconds (process running for 3.177)
2026-08-07T00:38:31.404-03:00  INFO 20576 --- [gopet-java-api] [http-nio-8081-exec-1] o.a.c.c.C.[Tomcat].[localhost].[/]       : Initializing Spring DispatcherServlet 'dispatcherServlet'
2026-08-07T00:38:31.405-03:00  INFO 20576 --- [gopet-java-api] [http-nio-8081-exec-1] o.s.web.servlet.DispatcherServlet        : Initializing Servlet 'dispatcherServlet'
2026-08-07T00:38:31.406-03:00  INFO 20576 --- [gopet-java-api] [http-nio-8081-exec-1] o.s.web.servlet.DispatcherServlet        : Completed initialization in 1 ms
2026-08-07T00:38:31.454-03:00 DEBUG 20576 --- [gopet-java-api] [http-nio-8081-exec-1] c.g.c.application.DistanciaCepService    : Verificando cobertura para o CEP solicitado: 01310300
2026-08-07T00:38:32.766-03:00 DEBUG 20576 --- [gopet-java-api] [http-nio-8081-exec-1] c.g.c.application.DistanciaCepService    : Distância calculada para o CEP 01310300: 11.38631764035348 km
2026-08-07T00:40:37.218-03:00 DEBUG 20576 --- [gopet-java-api] [http-nio-8081-exec-3] c.g.c.application.DistanciaCepService    : Verificando cobertura para o CEP solicitado: 01310300
2026-08-07T00:40:38.003-03:00 DEBUG 20576 --- [gopet-java-api] [http-nio-8081-exec-3] c.g.c.application.DistanciaCepService    : Distância calculada para o CEP 01310300: 11.38631764035348 km
2026-08-07T00:40:49.898-03:00 DEBUG 20576 --- [gopet-java-api] [http-nio-8081-exec-5] c.g.c.application.DistanciaCepService    : Verificando cobertura para o CEP solicitado: 04321000
2026-08-07T00:40:50.798-03:00 DEBUG 20576 --- [gopet-java-api] [http-nio-8081-exec-5] c.g.c.application.DistanciaCepService    : Distância calculada para o CEP 04321000: 0.7640625905893127 km
2026-08-07T00:42:55.570-03:00 DEBUG 20576 --- [gopet-java-api] [http-nio-8081-exec-9] c.g.c.application.DistanciaCepService    : Verificando cobertura para o CEP solicitado: 04323240
2026-08-07T00:42:56.656-03:00 DEBUG 20576 --- [gopet-java-api] [http-nio-8081-exec-9] c.g.c.application.DistanciaCepService    : Distância calculada para o CEP 04323240: 0.0 km
